// Vitest Snapshot v1, https://vitest.dev/guide/snapshot.html

exports[`generateRequestSchema > validates defaults types and reports issues structure 1`] = `
[
  {
    "code": "invalid_type",
    "expected": "string",
    "message": "Invalid input: expected string, received number",
    "path": [
      "defaults",
      "emotion",
    ],
  },
]
`;
